MPLINK 4.35, Linker
Linker Map File - Created Fri Nov 22 18:04:38 2019

                                 Section Info
                  Section       Type    Address   Location Size(Bytes)
                ---------  ---------  ---------  ---------  ---------
                   .org_0       code   0x000000    program   0x000000
                   .org_1       code   0x000000    program   0x0000f2
      .config_2007_JOGO.O       code   0x002007    program   0x000002



                              Program Memory Usage 
                               Start         End      
                           ---------   ---------      
                            0x000000    0x000078      
                            0x002007    0x002007      
            122 out of 2183 program addresses used, program memory utilization is 5%



                              Symbols - Sorted by Name
                     Name    Address   Location    Storage File                     
                ---------  ---------  ---------  --------- ---------                
                  ATRASO1   0x00000f    program     static C:\Users\1135188\Downloads\CSForTheWin\LAB AC\Assembly\RelatorioFinal\Jogo.asm
                 ATRASO1F   0x00002e    program     static C:\Users\1135188\Downloads\CSForTheWin\LAB AC\Assembly\RelatorioFinal\Jogo.asm
                  ATRASO2   0x000011    program     static C:\Users\1135188\Downloads\CSForTheWin\LAB AC\Assembly\RelatorioFinal\Jogo.asm
                 ATRASO2F   0x000030    program     static C:\Users\1135188\Downloads\CSForTheWin\LAB AC\Assembly\RelatorioFinal\Jogo.asm
                  ATRASO3   0x000014    program     static C:\Users\1135188\Downloads\CSForTheWin\LAB AC\Assembly\RelatorioFinal\Jogo.asm
                 ATRASO3F   0x000032    program     static C:\Users\1135188\Downloads\CSForTheWin\LAB AC\Assembly\RelatorioFinal\Jogo.asm
              ATRASOBUTAO   0x000016    program     static C:\Users\1135188\Downloads\CSForTheWin\LAB AC\Assembly\RelatorioFinal\Jogo.asm
                     END1   0x000079    program     static C:\Users\1135188\Downloads\CSForTheWin\LAB AC\Assembly\RelatorioFinal\Jogo.asm
                      FIM   0x000026    program     static C:\Users\1135188\Downloads\CSForTheWin\LAB AC\Assembly\RelatorioFinal\Jogo.asm
                     GAME   0x000077    program     static C:\Users\1135188\Downloads\CSForTheWin\LAB AC\Assembly\RelatorioFinal\Jogo.asm
                   INICIO   0x000001    program     static C:\Users\1135188\Downloads\CSForTheWin\LAB AC\Assembly\RelatorioFinal\Jogo.asm
                     MAIN   0x00000b    program     static C:\Users\1135188\Downloads\CSForTheWin\LAB AC\Assembly\RelatorioFinal\Jogo.asm
                    ONLED   0x00003f    program     static C:\Users\1135188\Downloads\CSForTheWin\LAB AC\Assembly\RelatorioFinal\Jogo.asm
                   PREWIN   0x000021    program     static C:\Users\1135188\Downloads\CSForTheWin\LAB AC\Assembly\RelatorioFinal\Jogo.asm
                    TESTE   0x000074    program     static C:\Users\1135188\Downloads\CSForTheWin\LAB AC\Assembly\RelatorioFinal\Jogo.asm
                  TIMEOUT   0x00000d    program     static C:\Users\1135188\Downloads\CSForTheWin\LAB AC\Assembly\RelatorioFinal\Jogo.asm



                              Symbols - Sorted by Address
                     Name    Address   Location    Storage File                     
                ---------  ---------  ---------  --------- ---------                
                   INICIO   0x000001    program     static C:\Users\1135188\Downloads\CSForTheWin\LAB AC\Assembly\RelatorioFinal\Jogo.asm
                     MAIN   0x00000b    program     static C:\Users\1135188\Downloads\CSForTheWin\LAB AC\Assembly\RelatorioFinal\Jogo.asm
                  TIMEOUT   0x00000d    program     static C:\Users\1135188\Downloads\CSForTheWin\LAB AC\Assembly\RelatorioFinal\Jogo.asm
                  ATRASO1   0x00000f    program     static C:\Users\1135188\Downloads\CSForTheWin\LAB AC\Assembly\RelatorioFinal\Jogo.asm
                  ATRASO2   0x000011    program     static C:\Users\1135188\Downloads\CSForTheWin\LAB AC\Assembly\RelatorioFinal\Jogo.asm
                  ATRASO3   0x000014    program     static C:\Users\1135188\Downloads\CSForTheWin\LAB AC\Assembly\RelatorioFinal\Jogo.asm
              ATRASOBUTAO   0x000016    program     static C:\Users\1135188\Downloads\CSForTheWin\LAB AC\Assembly\RelatorioFinal\Jogo.asm
                   PREWIN   0x000021    program     static C:\Users\1135188\Downloads\CSForTheWin\LAB AC\Assembly\RelatorioFinal\Jogo.asm
                      FIM   0x000026    program     static C:\Users\1135188\Downloads\CSForTheWin\LAB AC\Assembly\RelatorioFinal\Jogo.asm
                 ATRASO1F   0x00002e    program     static C:\Users\1135188\Downloads\CSForTheWin\LAB AC\Assembly\RelatorioFinal\Jogo.asm
                 ATRASO2F   0x000030    program     static C:\Users\1135188\Downloads\CSForTheWin\LAB AC\Assembly\RelatorioFinal\Jogo.asm
                 ATRASO3F   0x000032    program     static C:\Users\1135188\Downloads\CSForTheWin\LAB AC\Assembly\RelatorioFinal\Jogo.asm
                    ONLED   0x00003f    program     static C:\Users\1135188\Downloads\CSForTheWin\LAB AC\Assembly\RelatorioFinal\Jogo.asm
                    TESTE   0x000074    program     static C:\Users\1135188\Downloads\CSForTheWin\LAB AC\Assembly\RelatorioFinal\Jogo.asm
                     GAME   0x000077    program     static C:\Users\1135188\Downloads\CSForTheWin\LAB AC\Assembly\RelatorioFinal\Jogo.asm
                     END1   0x000079    program     static C:\Users\1135188\Downloads\CSForTheWin\LAB AC\Assembly\RelatorioFinal\Jogo.asm


